// Jest Snapshot v1, https://goo.gl/fbAQLP

exports[`<CompareChart/> should be a Vue instance and render correctly 1`] = `
<vue-no-ssr-stub>
  <div>
    <div>
      <div
        beginzero="true"
        class="chartjs-bar-test chart"
        datasets="[object Object],[object Object]"
        labels="Pull Requests,Issues,Commits"
        option="[object Object]"
      />
    </div>
  </div>
</vue-no-ssr-stub>
`;
