// Jest Snapshot v1, https://goo.gl/fbAQLP

exports[`ContributionChart should be a Vue instance and render correctly 1`] = `
<vue-no-ssr-stub>
  <div>
    <br />
     
    <div
      bind="true"
      class="chartjs-doughnut-test chart"
      datasets="[object Object]"
      labels="Pull Requests Open,Pull Requests Closed,Issues Open,Issues Closed,Commits"
      option="[object Object]"
    />
  </div>
</vue-no-ssr-stub>
`;
