// Jest Snapshot v1, https://goo.gl/fbAQLP

exports[`<UserStats/> Component should be a Vue instance and renders correctly 1`] = `
<div
  class="content"
>
  <div
    class="stat"
  >
    <span
      class="label"
    >
      
      Pull Requests
    
    </span>
     
    <span
      class="count"
    >
      
      5
    
    </span>
  </div>
  <div
    class="stat"
  >
    <span
      class="label"
    >
      
      Issues
    
    </span>
     
    <span
      class="count"
    >
      
      21
    
    </span>
  </div>
  <div
    class="stat"
  >
    <span
      class="label"
    >
      
      Commits
    
    </span>
     
    <span
      class="count"
    >
      
      34
    
    </span>
  </div>
  <div
    class="stat"
  >
    <span
      class="label"
    >
      
      First Contribuition
    
    </span>
     
    <span
      class="count"
    >
      
      2018-04-04
    
    </span>
  </div>
</div>
`;
