// Jest Snapshot v1, https://goo.gl/fbAQLP

exports[`<UserInfo/> Component is a Vue instance and renders correctly 1`] = `
<div
  class="content"
>
  <img
    class="user--avatar"
    src="~/assets/avatar/default.png"
  />
   
  <div
    class="user--info"
  >
    <span
      class="user--name"
    >
      UserTest
    </span>
     
    <span>
      Hey thats my test
    </span>
     
    <span
      class="user--location"
    >
      <i
        class="el-icon-location"
      />
       Campina Grande
    
    </span>
  </div>
</div>
`;
