// Jest Snapshot v1, https://goo.gl/fbAQLP

exports[`<ContributorCard/> is a Vue instance 1`] = `
<div>
  <div
    class="el-col el-col-24"
  >
    <div
      class="el-row"
    >
      <div
        class="el-card card is-hover-shadow"
      >
        <!---->
        <div
          class="el-card__body"
          style="padding: 0px;"
        >
          <br />
          <img
            class="image"
            src="~/assets/avatar/default.png"
          />
           
          <div
            style="padding: 0px;"
          >
            <span>
              test
            </span>
             
            <div
              class="description"
            >
              <br />
              <span>
                hey thats my test
              </span>
              <br />
               
              <br />
            </div>
          </div>
           
          <footer
            class="box-footer"
          >
            <table>
              <tr>
                <td>
                  10
                </td>
                 
                <td>
                  2
                </td>
                 
                <td>
                  3
                </td>
              </tr>
               
              <tr>
                <td>
                  Issues
                </td>
                 
                <td>
                  Pull Requests
                </td>
                 
                <td>
                  Commit
                </td>
              </tr>
            </table>
          </footer>
        </div>
      </div>
    </div>
  </div>
</div>
`;
