// Jest Snapshot v1, https://goo.gl/fbAQLP

exports[`<ContributorsList/> should be a Vue instance and renders correctly 1`] = `
<div>
  <apolloquery-stub
    query="[object Object]"
    variables="[object Object]"
  />
   
  <button
    class="el-button button--show-more el-button--default"
    type="button"
  >
    <!---->
    <!---->
    <span>
      Show more
    </span>
  </button>
</div>
`;
