// Jest Snapshot v1, https://goo.gl/fbAQLP

exports[`<Timeline/> Component renders correctly 1`] = `
<div
  class="block"
>
  <br />
  <el-timeline>
    <el-timeline-item
      color="grey"
      icon="el-icon-s-promotion"
      size="large"
      timestamp="2018-04-12 20:46"
      type="primary"
    >
      
        New Pull Request on Tamburetei
        
    </el-timeline-item>
    <el-timeline-item
      color="grey"
      icon="el-icon-more"
      size="large"
      timestamp="2018-04-03 20:46"
    >
      
        Commented on IssueAi #48 issue
        
    </el-timeline-item>
    <el-timeline-item
      color="grey"
      icon="el-icon-star-on"
      size="large"
      timestamp="2018-04-03 20:46"
    >
      
        Star in Roadmap
        
    </el-timeline-item>
    <el-timeline-item
      color="grey"
      icon="el-icon-circle-plus-outline"
      size="large"
      timestamp="2018-04-03 20:46"
    >
      
        Commit on IssueAi
        
    </el-timeline-item>
  </el-timeline>
</div>
`;
