// Jest Snapshot v1, https://goo.gl/fbAQLP

exports[`<UserStats/> Component renders correctly 1`] = `
<div
  class="content"
>
  <div
    class="stat"
  >
    <span
      class="label"
    >
      
      Pull Requests
    
    </span>
     
    <span
      class="count"
    >
      
      
    
    </span>
  </div>
  <div
    class="stat"
  >
    <span
      class="label"
    >
      
      Issues
    
    </span>
     
    <span
      class="count"
    >
      
      
    
    </span>
  </div>
  <div
    class="stat"
  >
    <span
      class="label"
    >
      
      Commits
    
    </span>
     
    <span
      class="count"
    >
      
      
    
    </span>
  </div>
  <div
    class="stat"
  >
    <span
      class="label"
    >
      
      First Contribuition
    
    </span>
     
    <span
      class="count"
    >
      
      
    
    </span>
  </div>
</div>
`;
