// Jest Snapshot v1, https://goo.gl/fbAQLP

exports[`<UserInfo/> Component renders correctly 1`] = `
<div
  class="content"
>
  <avatar-stub
    class="user--avatar"
  />
   
  <div
    class="user--info"
  >
    <span
      class="user--name"
    >
      MyName
    </span>
     
    <span>
      A little about me...
    </span>
     
    <span
      class="user--location"
    >
      <i
        class="el-icon-location"
      />
       Location, LO.
    
    </span>
  </div>
</div>
`;
