// Jest Snapshot v1, https://goo.gl/fbAQLP

exports[`<UserInfo/> Component renders correctly 1`] = `
<div
  class="content"
>
  <avatar-stub
    class="user--avatar"
  />
   
  <div
    class="user--info"
  >
    <span
      class="user--name"
    >
      
    </span>
     
    <span>
      
    </span>
     
    <span
      class="user--location"
    >
      <i
        class="el-icon-location"
      />
       
    
    </span>
  </div>
</div>
`;
